c:\users\icymo\source\repos\dx12baseicymodz420\dx12baseicymodz420\x64\debug\dx12baseicymodz420.pch
c:\users\icymo\source\repos\dx12baseicymodz420\dx12baseicymodz420\x64\debug\vc143.pdb
c:\users\icymo\source\repos\dx12baseicymodz420\dx12baseicymodz420\x64\debug\vc143.idb
c:\users\icymo\source\repos\dx12baseicymodz420\dx12baseicymodz420\x64\debug\pch.obj
c:\users\icymo\source\repos\dx12baseicymodz420\dx12baseicymodz420\x64\debug\trampoline.obj
c:\users\icymo\source\repos\dx12baseicymodz420\dx12baseicymodz420\x64\debug\hook.obj
c:\users\icymo\source\repos\dx12baseicymodz420\dx12baseicymodz420\x64\debug\hde64.obj
c:\users\icymo\source\repos\dx12baseicymodz420\dx12baseicymodz420\x64\debug\hde32.obj
c:\users\icymo\source\repos\dx12baseicymodz420\dx12baseicymodz420\x64\debug\buffer.obj
c:\users\icymo\source\repos\dx12baseicymodz420\dx12baseicymodz420\x64\debug\dx12baseicymodz420.obj
c:\users\icymo\source\repos\dx12baseicymodz420\dx12baseicymodz420\x64\debug\dllmain.obj
c:\users\icymo\source\repos\dx12baseicymodz420\dx12baseicymodz420\x64\debug\imgui_impl_win32.obj
c:\users\icymo\source\repos\dx12baseicymodz420\dx12baseicymodz420\x64\debug\imgui_impl_dx12.obj
c:\users\icymo\source\repos\dx12baseicymodz420\dx12baseicymodz420\x64\debug\imgui_widgets.obj
c:\users\icymo\source\repos\dx12baseicymodz420\dx12baseicymodz420\x64\debug\imgui_tables.obj
c:\users\icymo\source\repos\dx12baseicymodz420\dx12baseicymodz420\x64\debug\imgui_draw.obj
c:\users\icymo\source\repos\dx12baseicymodz420\dx12baseicymodz420\x64\debug\imgui_demo.obj
c:\users\icymo\source\repos\dx12baseicymodz420\dx12baseicymodz420\x64\debug\imgui.obj
c:\users\icymo\source\repos\dx12baseicymodz420\x64\debug\dx12baseicymodz420.dll
c:\users\icymo\source\repos\dx12baseicymodz420\x64\debug\dx12baseicymodz420.pdb
c:\users\icymo\source\repos\dx12baseicymodz420\x64\debug\dx12baseicymodz420.lib
c:\users\icymo\source\repos\dx12baseicymodz420\x64\debug\dx12baseicymodz420.exp
c:\users\icymo\source\repos\dx12baseicymodz420\dx12baseicymodz420\x64\debug\dx12baseicymodz420.ilk
c:\users\icymo\source\repos\dx12baseicymodz420_cyberpunk\dx12baseicymodz420\x64\debug\buffer.obj
c:\users\icymo\source\repos\dx12baseicymodz420_cyberpunk\dx12baseicymodz420\x64\debug\dllmain.obj
c:\users\icymo\source\repos\dx12baseicymodz420_cyberpunk\dx12baseicymodz420\x64\debug\dx12baseicymodz420.obj
c:\users\icymo\source\repos\dx12baseicymodz420_cyberpunk\dx12baseicymodz420\x64\debug\hde32.obj
c:\users\icymo\source\repos\dx12baseicymodz420_cyberpunk\dx12baseicymodz420\x64\debug\hde64.obj
c:\users\icymo\source\repos\dx12baseicymodz420_cyberpunk\dx12baseicymodz420\x64\debug\hook.obj
c:\users\icymo\source\repos\dx12baseicymodz420_cyberpunk\dx12baseicymodz420\x64\debug\imgui.obj
c:\users\icymo\source\repos\dx12baseicymodz420_cyberpunk\dx12baseicymodz420\x64\debug\imgui_demo.obj
c:\users\icymo\source\repos\dx12baseicymodz420_cyberpunk\dx12baseicymodz420\x64\debug\imgui_draw.obj
c:\users\icymo\source\repos\dx12baseicymodz420_cyberpunk\dx12baseicymodz420\x64\debug\imgui_impl_dx12.obj
c:\users\icymo\source\repos\dx12baseicymodz420_cyberpunk\dx12baseicymodz420\x64\debug\imgui_impl_win32.obj
c:\users\icymo\source\repos\dx12baseicymodz420_cyberpunk\dx12baseicymodz420\x64\debug\imgui_tables.obj
c:\users\icymo\source\repos\dx12baseicymodz420_cyberpunk\dx12baseicymodz420\x64\debug\imgui_widgets.obj
c:\users\icymo\source\repos\dx12baseicymodz420_cyberpunk\dx12baseicymodz420\x64\debug\pch.obj
c:\users\icymo\source\repos\dx12baseicymodz420_cyberpunk\dx12baseicymodz420\x64\debug\trampoline.obj
c:\users\icymo\source\repos\dx12baseicymodz420_cyberpunk\dx12baseicymodz420\x64\debug\dx12baseicymodz420.ilk
c:\users\icymo\source\repos\dx12baseicymodz420_cyberpunk\dx12baseicymodz420\x64\debug\dx12baseicymodz420.pch
c:\users\icymo\source\repos\dx12baseicymodz420_cyberpunk\dx12baseicymodz420\x64\debug\vc143.idb
c:\users\icymo\source\repos\dx12baseicymodz420_cyberpunk\dx12baseicymodz420\x64\debug\vc143.pdb
c:\users\icymo\source\repos\dx12baseicymodz420_cyberpunk\x64\debug\dx12baseicymodz420.pdb
c:\users\icymo\source\repos\dx12baseicymodz420_cyberpunk\x64\debug\dx12baseicymodz420.dll
c:\users\icymo\source\repos\dx12baseicymodz420_cyberpunk\dx12baseicymodz420\x64\debug\dx12base.fb228369.tlog\cl.command.1.tlog
c:\users\icymo\source\repos\dx12baseicymodz420_cyberpunk\dx12baseicymodz420\x64\debug\dx12base.fb228369.tlog\cl.items.tlog
c:\users\icymo\source\repos\dx12baseicymodz420_cyberpunk\dx12baseicymodz420\x64\debug\dx12base.fb228369.tlog\cl.read.1.tlog
c:\users\icymo\source\repos\dx12baseicymodz420_cyberpunk\dx12baseicymodz420\x64\debug\dx12base.fb228369.tlog\cl.write.1.tlog
c:\users\icymo\source\repos\dx12baseicymodz420_cyberpunk\dx12baseicymodz420\x64\debug\dx12base.fb228369.tlog\link.command.1.tlog
c:\users\icymo\source\repos\dx12baseicymodz420_cyberpunk\dx12baseicymodz420\x64\debug\dx12base.fb228369.tlog\link.read.1.tlog
c:\users\icymo\source\repos\dx12baseicymodz420_cyberpunk\dx12baseicymodz420\x64\debug\dx12base.fb228369.tlog\link.secondary.1.tlog
c:\users\icymo\source\repos\dx12baseicymodz420_cyberpunk\dx12baseicymodz420\x64\debug\dx12base.fb228369.tlog\link.write.1.tlog
